---
source: tests/integration.rs
assertion_line: 220
expression: redacted
---
ğŸ“­ No active worktrees
